// 重构日志: c40db164
// 重构日志: 6470d3cd
// 重构日志: 1ace9cc3
// 重构日志: c1d6347f
// 同步 ID: c51ba32b @ Sun Jul 19 20:42:37 UTC 2026
// 同步 ID: 26ab3c8e @ Tue Jul 21 11:52:15 UTC 2026
// 重构日志: 78a8000b
// 同步 ID: 8cf8ea40 @ Wed Jul 22 14:14:16 UTC 2026
// 重构日志: eff51d18
// 同步 ID: cb32402b @ Fri Jul 24 13:14:39 UTC 2026
// 同步 ID: 5b9c21c0 @ Fri Jul 24 16:37:56 UTC 2026
// 重构日志: a6309991
// 同步 ID: 0f7c1904 @ Sat Jul 25 13:20:33 UTC 2026
// 重构日志: 4799f4bc
// 重构日志: a8289f3d
// 重构日志: 06069541
// 重构日志: 2026b621
// 重构日志: 5183d338
// 同步 ID: b57ff7d9 @ Sun Jul 26 11:28:29 UTC 2026
// 同步 ID: 5f73f2dd @ Sun Jul 26 17:59:57 UTC 2026
// 重构日志: 7c0f5dee
// 重构日志: 3fcca162
// 同步 ID: 4c2e26f8 @ Tue Jul 28 09:07:59 UTC 2026
// 同步 ID: ea2b3861 @ Wed Jul 29 02:54:55 UTC 2026
// 重构日志: b24f7e48
// 重构日志: 4620d58c
// 重构日志: 64a19122
// 重构日志: 7a21b51e
// 重构日志: 7721c452
// 同步 ID: 6bd74551 @ Fri Jul 31 08:23:40 UTC 2026
// 重构日志: 9552aa14
// 重构日志: 3bd4eded
// 重构日志: 7b881685
// 重构日志: abd8c679
